[accounts.google.com/ServiceLogin7ea3.html]
[backblue.gif]
[fade.gif]
[index.html]
[ssl.gstatic.com/ui/v1/menu/checkmark.png]
[ssl.gstatic.com/accounts/ui/logo_1x.png]
[ssl.gstatic.com/images/branding/googlelogo/1x/googlelogo_color_112x36dp.png]
[ssl.gstatic.com/accounts/ui/logo_2x.png]
[ssl.gstatic.com/images/branding/googlelogo/2x/googlelogo_color_112x36dp.png]
[ssl.gstatic.com/accounts/ui/wlogostrip_230x17_1x.png]
[ssl.gstatic.com/accounts/ui/wlogostrip_230x17_2x.png]
[ssl.gstatic.com/ui/v1/icons/common/x_8px.png]
[ssl.gstatic.com/accounts/ui/avatar_2x.png]
[accounts.google.com/signin/usernamerecovery522b.html]
[accounts.google.com/AccountChooser.dca75.delayed]
[accounts.google.com/SignUp237d.html]
[accounts.google.com/TOS.1007dc.delayed]
[accounts.google.com/TOS.11c479.delayed]
[ssl.gstatic.com/images/icons/ui/common/universal_language_settings-21.png]
[accounts.google.com/POST.13.delayed]
[accounts.google.com/GET.14.delayed]
[accounts.google.com/ServiceLogin7ea3.html]
[accounts.google.com/signin/usernamerecovery522b.html]
[accounts.google.com/ServiceLogin48a2.html]
[accounts.google.com/AccountChooser.1782ac.delayed]
[accounts.google.com/ServiceLogin48a2.html]
[accounts.google.com/SignUp237d.html]
[accounts.google.com/POST.html]
[accounts.google.com/GET.html]
[accounts.google.com/signup/v2/nojs237d.html]
[accounts.google.com/signup/v2/nojs237d.html]
